// Vitest Snapshot v1, https://vitest.dev/guide/snapshot.html

exports[`<DemoConfigDialog> > renders and matches snapshot 1`] = `
<div>
  <div
    class="_note_561a54"
  >
    <div>
      currently_previewing_config
    </div>
    <button
      class="_button_f8f296 _default_f8f296 _text_f8f296"
    >
      <span>
        click_to_unselect_config
      </span>
    </button>
  </div>
</div>
`;

exports[`<DemoConfigDialog> > renders and matches snapshot error dialog 1`] = `
<div>
  <div
    class="_configModal_561a54"
  >
    <div
      class="_errorPage_8c5621"
    >
      <div
        class="_box_8c5621"
      >
        <h1
          class="_searchError_8c5621"
        >
          Whoops!
        </h1>
        <header>
          <h2
            class="_title_8c5621"
          >
            app_config_not_found
          </h2>
        </header>
        <main
          class="_main_8c5621"
        >
          <form
            method="GET"
            target="/"
          >
            <div
              class="_textField_e16c1b _maxWidth_561a54"
            >
              <label
                class="_label_e16c1b"
                for="text-field_1235_app-config"
              />
              <div
                class="_container_e16c1b"
              >
                <input
                  autocapitalize="none"
                  class="_input_e16c1b"
                  id="text-field_1235_app-config"
                  maxlength="8"
                  name="app-config"
                  placeholder="please_enter_config_id"
                  required=""
                  type="text"
                  value="aaaaaaaa"
                />
              </div>
            </div>
            <div
              class="_controls_561a54"
            >
              <button
                class="_button_f8f296 _default_f8f296 _outlined_f8f296"
                type="submit"
              >
                <span>
                  submit_config_id
                </span>
              </button>
              <button
                class="_button_f8f296 _default_f8f296 _outlined_f8f296"
              >
                <span>
                  cancel_config_id
                </span>
              </button>
            </div>
          </form>
          <p>
            use_the_jwp_dashboard
          </p>
          <p>
            demo_note
          </p>
          <p
            class="_links_8c5621"
          >
            <a
              href="https://docs.jwplayer.com/platform/docs/ott-create-an-app-config"
              rel="noreferrer"
              target="_blank"
            >
              app_config_learn_more
            </a>
          </p>
        </main>
      </div>
    </div>
  </div>
</div>
`;
