// Vitest Snapshot v1, https://vitest.dev/guide/snapshot.html

exports[`<SearchBar> > renders and matches snapshot 1`] = `
<div>
  <div
    class="_searchBar_3bb1d7"
  >
    <svg
      aria-hidden="true"
      class="_icon_1e9999 _icon_3bb1d7"
      focusable="false"
      viewBox="0 0 31 32"
      xmlns="http://www.w3.org/2000/svg"
    >
      <g
        fill="transparent"
      >
        <path
          d="M27.8263 31.0607C28.4121 31.6464 29.3619 31.6464 29.9476 31.0607C30.5334 30.4749 30.5334 29.5251 29.9476 28.9393L27.8263 31.0607ZM29.9476 28.9393L19.9391 18.9308L17.8178 21.0521L27.8263 31.0607L29.9476 28.9393Z"
          fill="#FFED00"
        />
        <path
          d="M11.8684 22.7368C17.5947 22.7368 22.2368 18.0947 22.2368 12.3684C22.2368 6.64208 17.5947 2 11.8684 2C6.14208 2 1.5 6.64208 1.5 12.3684C1.5 18.0947 6.14208 22.7368 11.8684 22.7368Z"
          stroke="#FFED00"
          stroke-miterlimit="10"
          stroke-width="3"
        />
         
      </g>
    </svg>
    <input
      aria-label="search_bar.search_label"
      class="_input_3bb1d7"
      placeholder="search_bar.search_placeholder"
      type="text"
      value="My search query"
    />
    <div
      aria-label="search_bar.clear_search_label"
      class="_iconButton_0fef65 _clearButton_3bb1d7"
      role="button"
      tabindex="0"
    >
      <svg
        aria-hidden="true"
        class="_icon_1e9999"
        focusable="false"
        viewBox="0 0 18 18"
        xmlns="http://www.w3.org/2000/svg"
      >
        <g>
          <path
            d="M9 1C4.58 1 1 4.58 1 9s3.58 8 8 8 8-3.58 8-8-3.58-8-8-8zm4 10.87L11.87 13 9 10.13 6.13 13 5 11.87 7.87 9 5 6.13 6.13 5 9 7.87 11.87 5 13 6.13 10.13 9 13 11.87z"
          />
        </g>
      </svg>
    </div>
  </div>
</div>
`;
