// Vitest Snapshot v1, https://vitest.dev/guide/snapshot.html

exports[`<Layout /> > renders layout 1`] = `
<div>
  <div
    class="_layout_c71437"
  >
    <div
      class="_main_c71437"
    >
      <header
        class="_container_f4f7a7"
      >
        <div
          class="_menu_f4f7a7"
        >
          <a
            aria-label="all-series"
            class="_link_a14c64"
            href="/p/gRb8jEQx"
          >
            <svg
              aria-hidden="true"
              class="_icon_1e9999"
              focusable="false"
              viewBox="0 0 32 28"
              xmlns="http://www.w3.org/2000/svg"
            >
              <g
                fill="transparent"
              >
                <mask
                  fill="white"
                  id="path-1-inside-1_910_802"
                >
                  <rect
                    height="13"
                    rx="2"
                    width="13"
                    x="0.5"
                  />
                </mask>
                <rect
                  height="13"
                  mask="url(#path-1-inside-1_910_802)"
                  rx="2"
                  stroke="#FFED00"
                  stroke-width="6"
                  width="13"
                  x="0.5"
                />
                <mask
                  fill="white"
                  id="path-2-inside-2_910_802"
                >
                  <rect
                    height="13"
                    rx="2"
                    width="13"
                    x="0.5"
                    y="15"
                  />
                </mask>
                <rect
                  height="13"
                  mask="url(#path-2-inside-2_910_802)"
                  rx="2"
                  stroke="#FFED00"
                  stroke-width="6"
                  width="13"
                  x="0.5"
                  y="15"
                />
                <path
                  d="M17 17C17 16.7239 17.2239 16.5 17.5 16.5H26.5C26.7761 16.5 27 16.7239 27 17V26C27 26.2761 26.7761 26.5 26.5 26.5H17.5C17.2239 26.5 17 26.2761 17 26V17Z"
                  stroke="#FFED00"
                  stroke-width="3"
                />
                <path
                  d="M17 2C17 1.72386 17.2239 1.5 17.5 1.5H26.5C26.7761 1.5 27 1.72386 27 2V11C27 11.2761 26.7761 11.5 26.5 11.5H17.5C17.2239 11.5 17 11.2761 17 11V2Z"
                  stroke="#FFED00"
                  stroke-width="3"
                />
              </g>
            </svg>
          </a>
        </div>
        <nav
          aria-label="menu"
          class="_nav_f4f7a7"
        />
        <div
          class="_actions_f4f7a7"
        />
      </header>
      <div
        class="_backdrop_577f70"
      />
      <div
        class="_sidebar_577f70"
      >
        <div
          class="_heading_577f70"
        >
          <div
            aria-label="close_menu"
            class="_iconButton_0fef65"
            role="button"
            tabindex="-1"
          >
            <svg
              aria-hidden="true"
              class="_icon_1e9999"
              focusable="false"
              viewBox="0 0 24 24"
              xmlns="http://www.w3.org/2000/svg"
            >
              <g>
                <path
                  d="M19 6.41L17.59 5 12 10.59 6.41 5 5 6.41 10.59 12 5 17.59 6.41 19 12 13.41 17.59 19 19 17.59 13.41 12z"
                />
                <path
                  d="M0 0h24v24H0z"
                  fill="none"
                />
              </g>
            </svg>
          </div>
        </div>
        <nav
          class="_group_577f70"
        >
          <a
            aria-current="page"
            aria-label="home"
            class="_menuButton_91706b _active_91706b"
            href="/"
            tabindex="-1"
          >
            <span>
              home
            </span>
          </a>
          <hr
            class="_divider_c71437"
          />
        </nav>
      </div>
    </div>
  </div>
</div>
`;
