// Vitest Snapshot v1, https://vitest.dev/guide/snapshot.html

exports[`<ErrorPage> > renders and matches snapshot 1`] = `
<div>
  <div
    class="_errorPage_8c5621"
  >
    <div
      class="_box_8c5621"
    >
      <h1
        class="_searchError_8c5621"
      >
        Whoops!
      </h1>
      <header>
        <h2
          class="_title_8c5621"
        >
          This is the title
        </h2>
      </header>
      <main
        class="_main_8c5621"
      >
        This is the content
      </main>
    </div>
  </div>
</div>
`;
