// Vitest Snapshot v1, https://vitest.dev/guide/snapshot.html

exports[`<ShareButton> > renders and matches snapshot 1`] = `
<div>
  <button
    class="_button_f8f296 _default_f8f296 _outlined_f8f296"
  >
    <span>
      video:share
    </span>
  </button>
</div>
`;
